// Jest Snapshot v1, https://goo.gl/fbAQLP

exports[`<Create/> should match the snapshot 1`] = `
<ContextConsumer>
  <Component />
</ContextConsumer>
`;
